components/admin-sidebar.tsx(51,19): error TS2322: Type '{ children: Element; asChild: true; isActive: boolean; className: string; }' is not assignable to type 'IntrinsicAttributes & ClassAttributes<HTMLButtonElement> & ButtonHTMLAttributes<HTMLButtonElement> & { ...; } & { ...; } & VariantProps<...>'.
  Property 'asChild' does not exist on type 'IntrinsicAttributes & ClassAttributes<HTMLButtonElement> & ButtonHTMLAttributes<HTMLButtonElement> & { ...; } & { ...; } & VariantProps<...>'.
components/data-table.tsx(684,22): error TS2322: Type '{ children: string; render: Element; }' is not assignable to type 'IntrinsicAttributes & DialogTriggerProps & RefAttributes<HTMLButtonElement>'.
  Property 'render' does not exist on type 'IntrinsicAttributes & DialogTriggerProps & RefAttributes<HTMLButtonElement>'.
components/data-table.tsx(860,24): error TS2322: Type '{ render: Element; }' is not assignable to type 'IntrinsicAttributes & DialogCloseProps & RefAttributes<HTMLButtonElement>'.
  Property 'render' does not exist on type 'IntrinsicAttributes & DialogCloseProps & RefAttributes<HTMLButtonElement>'.
